// Jest Snapshot v1, https://goo.gl/fbAQLP

exports[`_playlist add is a command 1`] = `
Object {
  "alias": Array [
    "playlist append",
  ],
  "description": "Append songs to a playlist",
  "name": "playlist add",
  "run": [Function],
  "usage": "<name> [...songs]",
}
`;
