// Jest Snapshot v1, https://goo.gl/fbAQLP

exports[`_playlist list is a command 1`] = `
Object {
  "alias": Array [
    "playlist show",
  ],
  "description": "List all playlists or songs in a playlist",
  "name": "playlist list",
  "run": [Function],
  "usage": "[name]",
}
`;
