// Jest Snapshot v1, https://goo.gl/fbAQLP

exports[`_playlist play is a command 1`] = `
Object {
  "alias": Array [
    "playlist start",
  ],
  "description": "Play a playlist",
  "name": "playlist play",
  "run": [Function],
  "usage": "<name> [--shuffle|-r] [--volume|-v <volume>]",
}
`;
