// Jest Snapshot v1, https://goo.gl/fbAQLP

exports[`_playlist delete is a command 1`] = `
Object {
  "alias": Array [
    "playlist remove",
  ],
  "description": "Delete a playlist",
  "name": "playlist delete",
  "run": [Function],
  "usage": "<name>",
}
`;
