// Jest Snapshot v1, https://goo.gl/fbAQLP

exports[`_play is a command 1`] = `
Object {
  "description": "Show available song tags",
  "name": "list",
  "run": [Function],
}
`;
