// Jest Snapshot v1, https://goo.gl/fbAQLP

exports[`_manage is a command 1`] = `
Object {
  "alias": Array [
    "web",
  ],
  "description": "Manage songs via web interface",
  "name": "manage",
  "run": [Function],
}
`;
