// Jest Snapshot v1, https://goo.gl/fbAQLP

exports[`_playing is a command 1`] = `
Object {
  "alias": Array [
    "now-playing",
    "now playing",
    "what's playing",
  ],
  "description": "Show the currently playing song",
  "name": "playing",
  "run": [Function],
}
`;
